D:\dev\omnivoice-voice-clone-kit\omnivoice-kit\data\finetune\tokens\train\audios\shard-000000.tar D:\dev\omnivoice-voice-clone-kit\omnivoice-kit\data\finetune\tokens\train\txts\shard-000000.jsonl 1 2.937
D:\dev\omnivoice-voice-clone-kit\omnivoice-kit\data\finetune\tokens\train\audios\shard-000001.tar D:\dev\omnivoice-voice-clone-kit\omnivoice-kit\data\finetune\tokens\train\txts\shard-000001.jsonl 1 2.926
D:\dev\omnivoice-voice-clone-kit\omnivoice-kit\data\finetune\tokens\train\audios\shard-000002.tar D:\dev\omnivoice-voice-clone-kit\omnivoice-kit\data\finetune\tokens\train\txts\shard-000002.jsonl 1 3.413
D:\dev\omnivoice-voice-clone-kit\omnivoice-kit\data\finetune\tokens\train\audios\shard-000003.tar D:\dev\omnivoice-voice-clone-kit\omnivoice-kit\data\finetune\tokens\train\txts\shard-000003.jsonl 1 2.868
D:\dev\omnivoice-voice-clone-kit\omnivoice-kit\data\finetune\tokens\train\audios\shard-000004.tar D:\dev\omnivoice-voice-clone-kit\omnivoice-kit\data\finetune\tokens\train\txts\shard-000004.jsonl 1 3.239
D:\dev\omnivoice-voice-clone-kit\omnivoice-kit\data\finetune\tokens\train\audios\shard-000005.tar D:\dev\omnivoice-voice-clone-kit\omnivoice-kit\data\finetune\tokens\train\txts\shard-000005.jsonl 1 2.543
D:\dev\omnivoice-voice-clone-kit\omnivoice-kit\data\finetune\tokens\train\audios\shard-000006.tar D:\dev\omnivoice-voice-clone-kit\omnivoice-kit\data\finetune\tokens\train\txts\shard-000006.jsonl 1 3.367
D:\dev\omnivoice-voice-clone-kit\omnivoice-kit\data\finetune\tokens\train\audios\shard-000007.tar D:\dev\omnivoice-voice-clone-kit\omnivoice-kit\data\finetune\tokens\train\txts\shard-000007.jsonl 1 2.694
D:\dev\omnivoice-voice-clone-kit\omnivoice-kit\data\finetune\tokens\train\audios\shard-000008.tar D:\dev\omnivoice-voice-clone-kit\omnivoice-kit\data\finetune\tokens\train\txts\shard-000008.jsonl 1 3.077
D:\dev\omnivoice-voice-clone-kit\omnivoice-kit\data\finetune\tokens\train\audios\shard-000009.tar D:\dev\omnivoice-voice-clone-kit\omnivoice-kit\data\finetune\tokens\train\txts\shard-000009.jsonl 1 3.355
D:\dev\omnivoice-voice-clone-kit\omnivoice-kit\data\finetune\tokens\train\audios\shard-000010.tar D:\dev\omnivoice-voice-clone-kit\omnivoice-kit\data\finetune\tokens\train\txts\shard-000010.jsonl 1 3.030
D:\dev\omnivoice-voice-clone-kit\omnivoice-kit\data\finetune\tokens\train\audios\shard-000011.tar D:\dev\omnivoice-voice-clone-kit\omnivoice-kit\data\finetune\tokens\train\txts\shard-000011.jsonl 1 3.123
D:\dev\omnivoice-voice-clone-kit\omnivoice-kit\data\finetune\tokens\train\audios\shard-000012.tar D:\dev\omnivoice-voice-clone-kit\omnivoice-kit\data\finetune\tokens\train\txts\shard-000012.jsonl 1 2.775
D:\dev\omnivoice-voice-clone-kit\omnivoice-kit\data\finetune\tokens\train\audios\shard-000013.tar D:\dev\omnivoice-voice-clone-kit\omnivoice-kit\data\finetune\tokens\train\txts\shard-000013.jsonl 1 2.972
D:\dev\omnivoice-voice-clone-kit\omnivoice-kit\data\finetune\tokens\train\audios\shard-000014.tar D:\dev\omnivoice-voice-clone-kit\omnivoice-kit\data\finetune\tokens\train\txts\shard-000014.jsonl 1 2.879
D:\dev\omnivoice-voice-clone-kit\omnivoice-kit\data\finetune\tokens\train\audios\shard-000015.tar D:\dev\omnivoice-voice-clone-kit\omnivoice-kit\data\finetune\tokens\train\txts\shard-000015.jsonl 1 2.868
D:\dev\omnivoice-voice-clone-kit\omnivoice-kit\data\finetune\tokens\train\audios\shard-000016.tar D:\dev\omnivoice-voice-clone-kit\omnivoice-kit\data\finetune\tokens\train\txts\shard-000016.jsonl 1 3.204
D:\dev\omnivoice-voice-clone-kit\omnivoice-kit\data\finetune\tokens\train\audios\shard-000017.tar D:\dev\omnivoice-voice-clone-kit\omnivoice-kit\data\finetune\tokens\train\txts\shard-000017.jsonl 1 3.320
D:\dev\omnivoice-voice-clone-kit\omnivoice-kit\data\finetune\tokens\train\audios\shard-000018.tar D:\dev\omnivoice-voice-clone-kit\omnivoice-kit\data\finetune\tokens\train\txts\shard-000018.jsonl 1 3.390
